[2025-04-11 14:47:10] local.ERROR: get_headers(): Argument #2 ($associative) must be of type bool, int given {"view":{"view":"C:\\laragon\\www\\lprosarc2\\resources\\views\\certificados\\topdf.blade.php","data":{"errors":"<pre class=sf-dump id=sf-dump-837243809 data-indent-pad=\"  \"><span class=sf-dump-note>Illuminate\\Support\\ViewErrorBag</span> {<a class=sf-dump-ref>#2057</a><samp data-depth=1 class=sf-dump-expanded>
  #<span class=sf-dump-protected title=\"Protected property\">bags</span>: []
</samp>}
</pre><script>Sfdump(\"sf-dump-837243809\", {\"maxDepth\":3,\"maxStringLength\":160})</script>
","certificado":"<pre class=sf-dump id=sf-dump-1554349456 data-indent-pad=\"  \"><span class=sf-dump-note>App\\Certificado</span> {<a class=sf-dump-ref>#3479</a><samp data-depth=1 class=sf-dump-expanded>
  #<span class=sf-dump-protected title=\"Protected property\">connection</span>: \"<span class=sf-dump-str title=\"5 characters\">mysql</span>\"
  #<span class=sf-dump-protected title=\"Protected property\">table</span>: \"<span class=sf-dump-str title=\"12 characters\">certificados</span>\"
  #<span class=sf-dump-protected title=\"Protected property\">primaryKey</span>: \"<span class=sf-dump-str title=\"7 characters\">ID_Cert</span>\"
  #<span class=sf-dump-protected title=\"Protected property\">keyType</span>: \"<span class=sf-dump-str title=\"3 characters\">int</span>\"
  +<span class=sf-dump-public title=\"Public property\">incrementing</span>: <span class=sf-dump-const>true</span>
  #<span class=sf-dump-protected title=\"Protected property\">with</span>: []
  #<span class=sf-dump-protected title=\"Protected property\">withCount</span>: []
  +<span class=sf-dump-public title=\"Public property\">preventsLazyLoading</span>: <span class=sf-dump-const>false</span>
  #<span class=sf-dump-protected title=\"Protected property\">perPage</span>: <span class=sf-dump-num>15</span>
  +<span class=sf-dump-public title=\"Public property\">exists</span>: <span class=sf-dump-const>true</span>
  +<span class=sf-dump-public title=\"Public property\">wasRecentlyCreated</span>: <span class=sf-dump-const>false</span>
  #<span class=sf-dump-protected title=\"Protected property\">escapeWhenCastingToString</span>: <span class=sf-dump-const>false</span>
  #<span class=sf-dump-protected title=\"Protected property\">attributes</span>: <span class=sf-dump-note>array:27</span> [<samp data-depth=2 class=sf-dump-compact>
    \"<span class=sf-dump-key>ID_Cert</span>\" => <span class=sf-dump-num>45018</span>
    \"<span class=sf-dump-key>CertType</span>\" => <span class=sf-dump-num>0</span>
    \"<span class=sf-dump-key>CertNumero</span>\" => <span class=sf-dump-num>0</span>
    \"<span class=sf-dump-key>CertiEspName</span>\" => \"\"
    \"<span class=sf-dump-key>CertiEspValue</span>\" => \"\"
    \"<span class=sf-dump-key>CertObservacion</span>\" => \"<span class=sf-dump-str title=\"36 characters\">certificado con observacion generica</span>\"
    \"<span class=sf-dump-key>CertSrc</span>\" => \"<span class=sf-dump-str title=\"22 characters\">CertificadoDefault.pdf</span>\"
    \"<span class=sf-dump-key>CertSlug</span>\" => \"<span class=sf-dump-str title=\"64 characters\">e31f36745944e03ccc051ff24d011623c7c2942f417fb60e4594b50f26c6aced</span>\"
    \"<span class=sf-dump-key>CertNumRm</span>\" => \"\"
    \"<span class=sf-dump-key>CertAuthHseq</span>\" => <span class=sf-dump-num>0</span>
    \"<span class=sf-dump-key>CertAuthJo</span>\" => <span class=sf-dump-num>0</span>
    \"<span class=sf-dump-key>CertAuthJl</span>\" => <span class=sf-dump-num>0</span>
    \"<span class=sf-dump-key>CertAuthDp</span>\" => <span class=sf-dump-num>0</span>
    \"<span class=sf-dump-key>CertAnexo</span>\" => \"<span class=sf-dump-str title=\"38 characters\">anexo de certificado TermoDestrucci&#243;n1</span>\"
    \"<span class=sf-dump-key>created_at</span>\" => \"<span class=sf-dump-str title=\"19 characters\">2025-01-13 10:12:59</span>\"
    \"<span class=sf-dump-key>updated_at</span>\" => \"<span class=sf-dump-str title=\"19 characters\">2025-01-13 10:12:59</span>\"
    \"<span class=sf-dump-key>FK_CertSolser</span>\" => <span class=sf-dump-num>46549</span>
    \"<span class=sf-dump-key>FK_CertCliente</span>\" => <span class=sf-dump-num>1268</span>
    \"<span class=sf-dump-key>FK_CertGenerSede</span>\" => <span class=sf-dump-num>2029</span>
    \"<span class=sf-dump-key>FK_CertGestor</span>\" => <span class=sf-dump-num>1</span>
    \"<span class=sf-dump-key>FK_CertTrat</span>\" => <span class=sf-dump-num>1</span>
    \"<span class=sf-dump-key>FK_CertTransp</span>\" => <span class=sf-dump-num>1</span>
    \"<span class=sf-dump-key>CertManifNumero</span>\" => <span class=sf-dump-num>0</span>
    \"<span class=sf-dump-key>CertNumeroExt</span>\" => <span class=sf-dump-const>null</span>
    \"<span class=sf-dump-key>CertManifPrepend</span>\" => \"\"
    \"<span class=sf-dump-key>CertSrcManif</span>\" => \"<span class=sf-dump-str title=\"22 characters\">CertificadoDefault.pdf</span>\"
    \"<span class=sf-dump-key>CertSrcExt</span>\" => \"<span class=sf-dump-str title=\"22 characters\">CertificadoDefault.pdf</span>\"
  </samp>]
  #<span class=sf-dump-protected title=\"Protected property\">original</span>: <span class=sf-dump-note>array:27</span> [<samp data-depth=2 class=sf-dump-compact>
    \"<span class=sf-dump-key>ID_Cert</span>\" => <span class=sf-dump-num>45018</span>
    \"<span class=sf-dump-key>CertType</span>\" => <span class=sf-dump-num>0</span>
    \"<span class=sf-dump-key>CertNumero</span>\" => <span class=sf-dump-num>0</span>
    \"<span class=sf-dump-key>CertiEspName</span>\" => \"\"
    \"<span class=sf-dump-key>CertiEspValue</span>\" => \"\"
    \"<span class=sf-dump-key>CertObservacion</span>\" => \"<span class=sf-dump-str title=\"36 characters\">certificado con observacion generica</span>\"
    \"<span class=sf-dump-key>CertSrc</span>\" => \"<span class=sf-dump-str title=\"22 characters\">CertificadoDefault.pdf</span>\"
    \"<span class=sf-dump-key>CertSlug</span>\" => \"<span class=sf-dump-str title=\"64 characters\">e31f36745944e03ccc051ff24d011623c7c2942f417fb60e4594b50f26c6aced</span>\"
    \"<span class=sf-dump-key>CertNumRm</span>\" => \"\"
    \"<span class=sf-dump-key>CertAuthHseq</span>\" => <span class=sf-dump-num>0</span>
    \"<span class=sf-dump-key>CertAuthJo</span>\" => <span class=sf-dump-num>0</span>
    \"<span class=sf-dump-key>CertAuthJl</span>\" => <span class=sf-dump-num>0</span>
    \"<span class=sf-dump-key>CertAuthDp</span>\" => <span class=sf-dump-num>0</span>
    \"<span class=sf-dump-key>CertAnexo</span>\" => \"<span class=sf-dump-str title=\"38 characters\">anexo de certificado TermoDestrucci&#243;n1</span>\"
    \"<span class=sf-dump-key>created_at</span>\" => \"<span class=sf-dump-str title=\"19 characters\">2025-01-13 10:12:59</span>\"
    \"<span class=sf-dump-key>updated_at</span>\" => \"<span class=sf-dump-str title=\"19 characters\">2025-01-13 10:12:59</span>\"
    \"<span class=sf-dump-key>FK_CertSolser</span>\" => <span class=sf-dump-num>46549</span>
    \"<span class=sf-dump-key>FK_CertCliente</span>\" => <span class=sf-dump-num>1268</span>
    \"<span class=sf-dump-key>FK_CertGenerSede</span>\" => <span class=sf-dump-num>2029</span>
    \"<span class=sf-dump-key>FK_CertGestor</span>\" => <span class=sf-dump-num>1</span>
    \"<span class=sf-dump-key>FK_CertTrat</span>\" => <span class=sf-dump-num>1</span>
    \"<span class=sf-dump-key>FK_CertTransp</span>\" => <span class=sf-dump-num>1</span>
    \"<span class=sf-dump-key>CertManifNumero</span>\" => <span class=sf-dump-num>0</span>
    \"<span class=sf-dump-key>CertNumeroExt</span>\" => <span class=sf-dump-const>null</span>
    \"<span class=sf-dump-key>CertManifPrepend</span>\" => \"\"
    \"<span class=sf-dump-key>CertSrcManif</span>\" => \"<span class=sf-dump-str title=\"22 characters\">CertificadoDefault.pdf</span>\"
    \"<span class=sf-dump-key>CertSrcExt</span>\" => \"<span class=sf-dump-str title=\"22 characters\">CertificadoDefault.pdf</span>\"
  </samp>]
  #<span class=sf-dump-protected title=\"Protected property\">changes</span>: []
  #<span class=sf-dump-protected title=\"Protected property\">casts</span>: []
  #<span class=sf-dump-protected title=\"Protected property\">classCastCache</span>: []
  #<span class=sf-dump-protected title=\"Protected property\">attributeCastCache</span>: []
  #<span class=sf-dump-protected title=\"Protected property\">dateFormat</span>: <span class=sf-dump-const>null</span>
  #<span class=sf-dump-protected title=\"Protected property\">appends</span>: []
  #<span class=sf-dump-protected title=\"Protected property\">dispatchesEvents</span>: []
  #<span class=sf-dump-protected title=\"Protected property\">observables</span>: []
  #<span class=sf-dump-protected title=\"Protected property\">relations</span>: <span class=sf-dump-note>array:6</span> [<samp data-depth=2 class=sf-dump-compact>
    \"<span class=sf-dump-key>tratamiento</span>\" => <span class=sf-dump-note title=\"App\\Tratamiento
\"><span class=\"sf-dump-ellipsis sf-dump-ellipsis-note\">App</span><span class=\"sf-dump-ellipsis sf-dump-ellipsis-note\">\\</span>Tratamiento</span> {<a class=sf-dump-ref>#2514</a><samp data-depth=3 class=sf-dump-compact>
      #<span class=sf-dump-protected title=\"Protected property\">connection</span>: \"<span class=sf-dump-str title=\"5 characters\">mysql</span>\"
      #<span class=sf-dump-protected title=\"Protected property\">table</span>: \"<span class=sf-dump-str title=\"12 characters\">tratamientos</span>\"
      #<span class=sf-dump-protected title=\"Protected property\">primaryKey</span>: \"<span class=sf-dump-str title=\"7 characters\">ID_Trat</span>\"
      #<span class=sf-dump-protected title=\"Protected property\">keyType</span>: \"<span class=sf-dump-str title=\"3 characters\">int</span>\"
      +<span class=sf-dump-public title=\"Public property\">incrementing</span>: <span class=sf-dump-const>true</span>
      #<span class=sf-dump-protected title=\"Protected property\">with</span>: []
      #<span class=sf-dump-protected title=\"Protected property\">withCount</span>: []
      +<span class=sf-dump-public title=\"Public property\">preventsLazyLoading</span>: <span class=sf-dump-const>false</span>
      #<span class=sf-dump-protected title=\"Protected property\">perPage</span>: <span class=sf-dump-num>15</span>
      +<span class=sf-dump-public title=\"Public property\">exists</span>: <span class=sf-dump-const>true</span>
      +<span class=sf-dump-public title=\"Public property\">wasRecentlyCreated</span>: <span class=sf-dump-const>false</span>
      #<span class=sf-dump-protected title=\"Protected property\">escapeWhenCastingToString</span>: <span class=sf-dump-const>false</span>
      #<span class=sf-dump-protected title=\"Protected property\">attributes</span>: <span class=sf-dump-note>array:7</span> [ &#8230;7]
      #<span class=sf-dump-protected title=\"Protected property\">original</span>: <span class=sf-dump-note>array:7</span> [ &#8230;7]
      #<span class=sf-dump-protected title=\"Protected property\">changes</span>: []
      #<span class=sf-dump-protected title=\"Protected property\">casts</span>: []
      #<span class=sf-dump-protected title=\"Protected property\">classCastCache</span>: []
      #<span class=sf-dump-protected title=\"Protected property\">attributeCastCache</span>: []
      #<span class=sf-dump-protected title=\"Protected property\">dateFormat</span>: <span class=sf-dump-const>null</span>
      #<span class=sf-dump-protected title=\"Protected property\">appends</span>: []
      #<span class=sf-dump-protected title=\"Protected property\">dispatchesEvents</span>: []
      #<span class=sf-dump-protected title=\"Protected property\">observables</span>: []
      #<span class=sf-dump-protected title=\"Protected property\">relations</span>: []
      #<span class=sf-dump-protected title=\"Protected property\">touches</span>: []
      +<span class=sf-dump-public title=\"Public property\">timestamps</span>: <span class=sf-dump-const>true</span>
      +<span class=sf-dump-public title=\"Public property\">usesUniqueIds</span>: <span class=sf-dump-const>false</span>
      #<span class=sf-dump-protected title=\"Protected property\">hidden</span>: []
      #<span class=sf-dump-protected title=\"Protected property\">visible</span>: []
      #<span class=sf-dump-protected title=\"Protected property\">fillable</span>: <span class=sf-dump-note>array:6</span> [ &#8230;6]
      #<span class=sf-dump-protected title=\"Protected property\">guarded</span>: <span class=sf-dump-note>array:1</span> [ &#8230;1]
    </samp>}
    \"<span class=sf-dump-key>sedegenerador</span>\" => <span class=sf-dump-note title=\"App\\GenerSede
\"><span class=\"sf-dump-ellipsis sf-dump-ellipsis-note\">App</span><span class=\"sf-dump-ellipsis sf-dump-ellipsis-note\">\\</span>GenerSede</span> {<a class=sf-dump-ref>#2999</a><samp data-depth=3 class=sf-dump-compact>
      #<span class=sf-dump-protected title=\"Protected property\">connection</span>: \"<span class=sf-dump-str title=\"5 characters\">mysql</span>\"
      #<span class=sf-dump-protected title=\"Protected property\">table</span>: \"<span class=sf-dump-str title=\"11 characters\">gener_sedes</span>\"
      #<span class=sf-dump-protected title=\"Protected property\">primaryKey</span>: \"<span class=sf-dump-str title=\"8 characters\">ID_GSede</span>\"
      #<span class=sf-dump-protected title=\"Protected property\">keyType</span>: \"<span class=sf-dump-str title=\"3 characters\">int</span>\"
      +<span class=sf-dump-public title=\"Public property\">incrementing</span>: <span class=sf-dump-const>true</span>
      #<span class=sf-dump-protected title=\"Protected property\">with</span>: []
      #<span class=sf-dump-protected title=\"Protected property\">withCount</span>: []
      +<span class=sf-dump-public title=\"Public property\">preventsLazyLoading</span>: <span class=sf-dump-const>false</span>
      #<span class=sf-dump-protected title=\"Protected property\">perPage</span>: <span class=sf-dump-num>15</span>
      +<span class=sf-dump-public title=\"Public property\">exists</span>: <span class=sf-dump-const>true</span>
      +<span class=sf-dump-public title=\"Public property\">wasRecentlyCreated</span>: <span class=sf-dump-const>false</span>
      #<span class=sf-dump-protected title=\"Protected property\">escapeWhenCastingToString</span>: <span class=sf-dump-const>false</span>
      #<span class=sf-dump-protected title=\"Protected property\">attributes</span>: <span class=sf-dump-note>array:20</span> [ &#8230;20]
      #<span class=sf-dump-protected title=\"Protected property\">original</span>: <span class=sf-dump-note>array:20</span> [ &#8230;20]
      #<span class=sf-dump-protected title=\"Protected property\">changes</span>: []
      #<span class=sf-dump-protected title=\"Protected property\">casts</span>: []
      #<span class=sf-dump-protected title=\"Protected property\">classCastCache</span>: []
      #<span class=sf-dump-protected title=\"Protected property\">attributeCastCache</span>: []
      #<span class=sf-dump-protected title=\"Protected property\">dateFormat</span>: <span class=sf-dump-const>null</span>
      #<span class=sf-dump-protected title=\"Protected property\">appends</span>: []
      #<span class=sf-dump-protected title=\"Protected property\">dispatchesEvents</span>: []
      #<span class=sf-dump-protected title=\"Protected property\">observables</span>: []
      #<span class=sf-dump-protected title=\"Protected property\">relations</span>: <span class=sf-dump-note>array:2</span> [ &#8230;2]
      #<span class=sf-dump-protected title=\"Protected property\">touches</span>: []
      +<span class=sf-dump-public title=\"Public property\">timestamps</span>: <span class=sf-dump-const>true</span>
      +<span class=sf-dump-public title=\"Public property\">usesUniqueIds</span>: <span class=sf-dump-const>false</span>
      #<span class=sf-dump-protected title=\"Protected property\">hidden</span>: []
      #<span class=sf-dump-protected title=\"Protected property\">visible</span>: []
      #<span class=sf-dump-protected title=\"Protected property\">fillable</span>: <span class=sf-dump-note>array:12</span> [ &#8230;12]
      #<span class=sf-dump-protected title=\"Protected property\">guarded</span>: <span class=sf-dump-note>array:1</span> [ &#8230;1]
    </samp>}
    \"<span class=sf-dump-key>SolicitudServicio</span>\" => <span class=sf-dump-note title=\"App\\SolicitudServicio
\"><span class=\"sf-dump-ellipsis sf-dump-ellipsis-note\">App</span><span class=\"sf-dump-ellipsis sf-dump-ellipsis-note\">\\</span>SolicitudServicio</span> {<a class=sf-dump-ref>#2593</a><samp data-depth=3 class=sf-dump-compact>
      #<span class=sf-dump-protected title=\"Protected property\">connection</span>: \"<span class=sf-dump-str title=\"5 characters\">mysql</span>\"
      #<span class=sf-dump-protected title=\"Protected property\">table</span>: \"<span class=sf-dump-str title=\"19 characters\">solicitud_servicios</span>\"
      #<span class=sf-dump-protected title=\"Protected property\">primaryKey</span>: \"<span class=sf-dump-str title=\"9 characters\">ID_SolSer</span>\"
      #<span class=sf-dump-protected title=\"Protected property\">keyType</span>: \"<span class=sf-dump-str title=\"3 characters\">int</span>\"
      +<span class=sf-dump-public title=\"Public property\">incrementing</span>: <span class=sf-dump-const>true</span>
      #<span class=sf-dump-protected title=\"Protected property\">with</span>: []
      #<span class=sf-dump-protected title=\"Protected property\">withCount</span>: []
      +<span class=sf-dump-public title=\"Public property\">preventsLazyLoading</span>: <span class=sf-dump-const>false</span>
      #<span class=sf-dump-protected title=\"Protected property\">perPage</span>: <span class=sf-dump-num>15</span>
      +<span class=sf-dump-public title=\"Public property\">exists</span>: <span class=sf-dump-const>true</span>
      +<span class=sf-dump-public title=\"Public property\">wasRecentlyCreated</span>: <span class=sf-dump-const>false</span>
      #<span class=sf-dump-protected title=\"Protected property\">escapeWhenCastingToString</span>: <span class=sf-dump-const>false</span>
      #<span class=sf-dump-protected title=\"Protected property\">attributes</span>: <span class=sf-dump-note>array:36</span> [ &#8230;36]
      #<span class=sf-dump-protected title=\"Protected property\">original</span>: <span class=sf-dump-note>array:36</span> [ &#8230;36]
      #<span class=sf-dump-protected title=\"Protected property\">changes</span>: []
      #<span class=sf-dump-protected title=\"Protected property\">casts</span>: <span class=sf-dump-note>array:1</span> [ &#8230;1]
      #<span class=sf-dump-protected title=\"Protected property\">classCastCache</span>: []
      #<span class=sf-dump-protected title=\"Protected property\">attributeCastCache</span>: []
      #<span class=sf-dump-protected title=\"Protected property\">dateFormat</span>: <span class=sf-dump-const>null</span>
      #<span class=sf-dump-protected title=\"Protected property\">appends</span>: []
      #<span class=sf-dump-protected title=\"Protected property\">dispatchesEvents</span>: []
      #<span class=sf-dump-protected title=\"Protected property\">observables</span>: []
      #<span class=sf-dump-protected title=\"Protected property\">relations</span>: <span class=sf-dump-note>array:1</span> [ &#8230;1]
      #<span class=sf-dump-protected title=\"Protected property\">touches</span>: []
      +<span class=sf-dump-public title=\"Public property\">timestamps</span>: <span class=sf-dump-const>true</span>
      +<span class=sf-dump-public title=\"Public property\">usesUniqueIds</span>: <span class=sf-dump-const>false</span>
      #<span class=sf-dump-protected title=\"Protected property\">hidden</span>: []
      #<span class=sf-dump-protected title=\"Protected property\">visible</span>: []
      #<span class=sf-dump-protected title=\"Protected property\">fillable</span>: <span class=sf-dump-note>array:19</span> [ &#8230;19]
      #<span class=sf-dump-protected title=\"Protected property\">guarded</span>: <span class=sf-dump-note>array:1</span> [ &#8230;1]
    </samp>}
    \"<span class=sf-dump-key>transportador</span>\" => <span class=sf-dump-note title=\"App\\Cliente
\"><span class=\"sf-dump-ellipsis sf-dump-ellipsis-note\">App</span><span class=\"sf-dump-ellipsis sf-dump-ellipsis-note\">\\</span>Cliente</span> {<a class=sf-dump-ref>#3471</a><samp data-depth=3 class=sf-dump-compact>
      #<span class=sf-dump-protected title=\"Protected property\">connection</span>: \"<span class=sf-dump-str title=\"5 characters\">mysql</span>\"
      #<span class=sf-dump-protected title=\"Protected property\">table</span>: \"<span class=sf-dump-str title=\"8 characters\">clientes</span>\"
      #<span class=sf-dump-protected title=\"Protected property\">primaryKey</span>: \"<span class=sf-dump-str title=\"6 characters\">ID_Cli</span>\"
      #<span class=sf-dump-protected title=\"Protected property\">keyType</span>: \"<span class=sf-dump-str title=\"3 characters\">int</span>\"
      +<span class=sf-dump-public title=\"Public property\">incrementing</span>: <span class=sf-dump-const>true</span>
      #<span class=sf-dump-protected title=\"Protected property\">with</span>: []
      #<span class=sf-dump-protected title=\"Protected property\">withCount</span>: []
      +<span class=sf-dump-public title=\"Public property\">preventsLazyLoading</span>: <span class=sf-dump-const>false</span>
      #<span class=sf-dump-protected title=\"Protected property\">perPage</span>: <span class=sf-dump-num>15</span>
      +<span class=sf-dump-public title=\"Public property\">exists</span>: <span class=sf-dump-const>true</span>
      +<span class=sf-dump-public title=\"Public property\">wasRecentlyCreated</span>: <span class=sf-dump-const>false</span>
      #<span class=sf-dump-protected title=\"Protected property\">escapeWhenCastingToString</span>: <span class=sf-dump-const>false</span>
      #<span class=sf-dump-protected title=\"Protected property\">attributes</span>: <span class=sf-dump-note>array:18</span> [ &#8230;18]
      #<span class=sf-dump-protected title=\"Protected property\">original</span>: <span class=sf-dump-note>array:18</span> [ &#8230;18]
      #<span class=sf-dump-protected title=\"Protected property\">changes</span>: []
      #<span class=sf-dump-protected title=\"Protected property\">casts</span>: []
      #<span class=sf-dump-protected title=\"Protected property\">classCastCache</span>: []
      #<span class=sf-dump-protected title=\"Protected property\">attributeCastCache</span>: []
      #<span class=sf-dump-protected title=\"Protected property\">dateFormat</span>: <span class=sf-dump-const>null</span>
      #<span class=sf-dump-protected title=\"Protected property\">appends</span>: []
      #<span class=sf-dump-protected title=\"Protected property\">dispatchesEvents</span>: []
      #<span class=sf-dump-protected title=\"Protected property\">observables</span>: []
      #<span class=sf-dump-protected title=\"Protected property\">relations</span>: <span class=sf-dump-note>array:1</span> [ &#8230;1]
      #<span class=sf-dump-protected title=\"Protected property\">touches</span>: []
      +<span class=sf-dump-public title=\"Public property\">timestamps</span>: <span class=sf-dump-const>true</span>
      +<span class=sf-dump-public title=\"Public property\">usesUniqueIds</span>: <span class=sf-dump-const>false</span>
      #<span class=sf-dump-protected title=\"Protected property\">hidden</span>: []
      #<span class=sf-dump-protected title=\"Protected property\">visible</span>: []
      #<span class=sf-dump-protected title=\"Protected property\">fillable</span>: <span class=sf-dump-note>array:11</span> [ &#8230;11]
      #<span class=sf-dump-protected title=\"Protected property\">guarded</span>: <span class=sf-dump-note>array:1</span> [ &#8230;1]
    </samp>}
    \"<span class=sf-dump-key>gestor</span>\" => <span class=sf-dump-note title=\"App\\Cliente
\"><span class=\"sf-dump-ellipsis sf-dump-ellipsis-note\">App</span><span class=\"sf-dump-ellipsis sf-dump-ellipsis-note\">\\</span>Cliente</span> {<a class=sf-dump-ref>#2502</a><samp data-depth=3 class=sf-dump-compact>
      #<span class=sf-dump-protected title=\"Protected property\">connection</span>: \"<span class=sf-dump-str title=\"5 characters\">mysql</span>\"
      #<span class=sf-dump-protected title=\"Protected property\">table</span>: \"<span class=sf-dump-str title=\"8 characters\">clientes</span>\"
      #<span class=sf-dump-protected title=\"Protected property\">primaryKey</span>: \"<span class=sf-dump-str title=\"6 characters\">ID_Cli</span>\"
      #<span class=sf-dump-protected title=\"Protected property\">keyType</span>: \"<span class=sf-dump-str title=\"3 characters\">int</span>\"
      +<span class=sf-dump-public title=\"Public property\">incrementing</span>: <span class=sf-dump-const>true</span>
      #<span class=sf-dump-protected title=\"Protected property\">with</span>: []
      #<span class=sf-dump-protected title=\"Protected property\">withCount</span>: []
      +<span class=sf-dump-public title=\"Public property\">preventsLazyLoading</span>: <span class=sf-dump-const>false</span>
      #<span class=sf-dump-protected title=\"Protected property\">perPage</span>: <span class=sf-dump-num>15</span>
      +<span class=sf-dump-public title=\"Public property\">exists</span>: <span class=sf-dump-const>true</span>
      +<span class=sf-dump-public title=\"Public property\">wasRecentlyCreated</span>: <span class=sf-dump-const>false</span>
      #<span class=sf-dump-protected title=\"Protected property\">escapeWhenCastingToString</span>: <span class=sf-dump-const>false</span>
      #<span class=sf-dump-protected title=\"Protected property\">attributes</span>: <span class=sf-dump-note>array:18</span> [ &#8230;18]
      #<span class=sf-dump-protected title=\"Protected property\">original</span>: <span class=sf-dump-note>array:18</span> [ &#8230;18]
      #<span class=sf-dump-protected title=\"Protected property\">changes</span>: []
      #<span class=sf-dump-protected title=\"Protected property\">casts</span>: []
      #<span class=sf-dump-protected title=\"Protected property\">classCastCache</span>: []
      #<span class=sf-dump-protected title=\"Protected property\">attributeCastCache</span>: []
      #<span class=sf-dump-protected title=\"Protected property\">dateFormat</span>: <span class=sf-dump-const>null</span>
      #<span class=sf-dump-protected title=\"Protected property\">appends</span>: []
      #<span class=sf-dump-protected title=\"Protected property\">dispatchesEvents</span>: []
      #<span class=sf-dump-protected title=\"Protected property\">observables</span>: []
      #<span class=sf-dump-protected title=\"Protected property\">relations</span>: []
      #<span class=sf-dump-protected title=\"Protected property\">touches</span>: []
      +<span class=sf-dump-public title=\"Public property\">timestamps</span>: <span class=sf-dump-const>true</span>
      +<span class=sf-dump-public title=\"Public property\">usesUniqueIds</span>: <span class=sf-dump-const>false</span>
      #<span class=sf-dump-protected title=\"Protected property\">hidden</span>: []
      #<span class=sf-dump-protected title=\"Protected property\">visible</span>: []
      #<span class=sf-dump-protected title=\"Protected property\">fillable</span>: <span class=sf-dump-note>array:11</span> [ &#8230;11]
      #<span class=sf-dump-protected title=\"Protected property\">guarded</span>: <span class=sf-dump-note>array:1</span> [ &#8230;1]
    </samp>}
    \"<span class=sf-dump-key>certdato</span>\" => <span class=sf-dump-note title=\"Illuminate\\Database\\Eloquent\\Collection
\"><span class=\"sf-dump-ellipsis sf-dump-ellipsis-note\">Illuminate\\Database\\Eloquent</span><span class=\"sf-dump-ellipsis sf-dump-ellipsis-note\">\\</span>Collection</span> {<a class=sf-dump-ref>#3466</a><samp data-depth=3 class=sf-dump-compact>
      #<span class=sf-dump-protected title=\"Protected property\">items</span>: <span class=sf-dump-note>array:1</span> [ &#8230;1]
      #<span class=sf-dump-protected title=\"Protected property\">escapeWhenCastingToString</span>: <span class=sf-dump-const>false</span>
    </samp>}
  </samp>]
  #<span class=sf-dump-protected title=\"Protected property\">touches</span>: []
  +<span class=sf-dump-public title=\"Public property\">timestamps</span>: <span class=sf-dump-const>true</span>
  +<span class=sf-dump-public title=\"Public property\">usesUniqueIds</span>: <span class=sf-dump-const>false</span>
  #<span class=sf-dump-protected title=\"Protected property\">hidden</span>: []
  #<span class=sf-dump-protected title=\"Protected property\">visible</span>: []
  #<span class=sf-dump-protected title=\"Protected property\">fillable</span>: <span class=sf-dump-note>array:24</span> [<samp data-depth=2 class=sf-dump-compact>
    <span class=sf-dump-index>0</span> => \"<span class=sf-dump-str title=\"8 characters\">CertType</span>\"
    <span class=sf-dump-index>1</span> => \"<span class=sf-dump-str title=\"10 characters\">CertNumero</span>\"
    <span class=sf-dump-index>2</span> => \"<span class=sf-dump-str title=\"12 characters\">CertiEspName</span>\"
    <span class=sf-dump-index>3</span> => \"<span class=sf-dump-str title=\"13 characters\">CertiEspValue</span>\"
    <span class=sf-dump-index>4</span> => \"<span class=sf-dump-str title=\"15 characters\">CertObservacion</span>\"
    <span class=sf-dump-index>5</span> => \"<span class=sf-dump-str title=\"7 characters\">CertSrc</span>\"
    <span class=sf-dump-index>6</span> => \"<span class=sf-dump-str title=\"8 characters\">CertSlug</span>\"
    <span class=sf-dump-index>7</span> => \"<span class=sf-dump-str title=\"9 characters\">CertNumRm</span>\"
    <span class=sf-dump-index>8</span> => \"<span class=sf-dump-str title=\"12 characters\">CertAuthHseq</span>\"
    <span class=sf-dump-index>9</span> => \"<span class=sf-dump-str title=\"10 characters\">CertAuthJo</span>\"
    <span class=sf-dump-index>10</span> => \"<span class=sf-dump-str title=\"10 characters\">CertAuthJl</span>\"
    <span class=sf-dump-index>11</span> => \"<span class=sf-dump-str title=\"10 characters\">CertAuthDp</span>\"
    <span class=sf-dump-index>12</span> => \"<span class=sf-dump-str title=\"9 characters\">CertAnexo</span>\"
    <span class=sf-dump-index>13</span> => \"<span class=sf-dump-str title=\"13 characters\">FK_CertSolser</span>\"
    <span class=sf-dump-index>14</span> => \"<span class=sf-dump-str title=\"14 characters\">FK_CertCliente</span>\"
    <span class=sf-dump-index>15</span> => \"<span class=sf-dump-str title=\"16 characters\">FK_CertGenerSede</span>\"
    <span class=sf-dump-index>16</span> => \"<span class=sf-dump-str title=\"13 characters\">FK_CertGestor</span>\"
    <span class=sf-dump-index>17</span> => \"<span class=sf-dump-str title=\"11 characters\">FK_CertTrat</span>\"
    <span class=sf-dump-index>18</span> => \"<span class=sf-dump-str title=\"13 characters\">FK_CertTransp</span>\"
    <span class=sf-dump-index>19</span> => \"<span class=sf-dump-str title=\"15 characters\">CertManifNumero</span>\"
    <span class=sf-dump-index>20</span> => \"<span class=sf-dump-str title=\"16 characters\">CertManifPrepend</span>\"
    <span class=sf-dump-index>21</span> => \"<span class=sf-dump-str title=\"13 characters\">CertNumeroExt</span>\"
    <span class=sf-dump-index>22</span> => \"<span class=sf-dump-str title=\"12 characters\">CertSrcManif</span>\"
    <span class=sf-dump-index>23</span> => \"<span class=sf-dump-str title=\"10 characters\">CertSrcExt</span>\"
  </samp>]
  #<span class=sf-dump-protected title=\"Protected property\">guarded</span>: <span class=sf-dump-note>array:1</span> [<samp data-depth=2 class=sf-dump-compact>
    <span class=sf-dump-index>0</span> => \"<span class=sf-dump-str>*</span>\"
  </samp>]
</samp>}
</pre><script>Sfdump(\"sf-dump-1554349456\", {\"maxDepth\":3,\"maxStringLength\":160})</script>
","Solicitud":"<pre class=sf-dump id=sf-dump-1931248732 data-indent-pad=\"  \"><span class=sf-dump-note>App\\SolicitudServicio</span> {<a class=sf-dump-ref>#2092</a><samp data-depth=1 class=sf-dump-expanded>
  #<span class=sf-dump-protected title=\"Protected property\">connection</span>: \"<span class=sf-dump-str title=\"5 characters\">mysql</span>\"
  #<span class=sf-dump-protected title=\"Protected property\">table</span>: \"<span class=sf-dump-str title=\"19 characters\">solicitud_servicios</span>\"
  #<span class=sf-dump-protected title=\"Protected property\">primaryKey</span>: \"<span class=sf-dump-str title=\"9 characters\">ID_SolSer</span>\"
  #<span class=sf-dump-protected title=\"Protected property\">keyType</span>: \"<span class=sf-dump-str title=\"3 characters\">int</span>\"
  +<span class=sf-dump-public title=\"Public property\">incrementing</span>: <span class=sf-dump-const>true</span>
  #<span class=sf-dump-protected title=\"Protected property\">with</span>: []
  #<span class=sf-dump-protected title=\"Protected property\">withCount</span>: []
  +<span class=sf-dump-public title=\"Public property\">preventsLazyLoading</span>: <span class=sf-dump-const>false</span>
  #<span class=sf-dump-protected title=\"Protected property\">perPage</span>: <span class=sf-dump-num>15</span>
  +<span class=sf-dump-public title=\"Public property\">exists</span>: <span class=sf-dump-const>true</span>
  +<span class=sf-dump-public title=\"Public property\">wasRecentlyCreated</span>: <span class=sf-dump-const>false</span>
  #<span class=sf-dump-protected title=\"Protected property\">escapeWhenCastingToString</span>: <span class=sf-dump-const>false</span>
  #<span class=sf-dump-protected title=\"Protected property\">attributes</span>: <span class=sf-dump-note>array:36</span> [<samp data-depth=2 class=sf-dump-compact>
    \"<span class=sf-dump-key>ID_SolSer</span>\" => <span class=sf-dump-num>46549</span>
    \"<span class=sf-dump-key>SolSerStatus</span>\" => \"<span class=sf-dump-str title=\"10 characters\">Conciliado</span>\"
    \"<span class=sf-dump-key>SolSerTipo</span>\" => \"<span class=sf-dump-str title=\"7 characters\">Interno</span>\"
    \"<span class=sf-dump-key>SolSerAuditable</span>\" => <span class=sf-dump-num>1</span>
    \"<span class=sf-dump-key>SolSerConductor</span>\" => \"<span class=sf-dump-str title=\"13 characters\">Orlando Hueso</span>\"
    \"<span class=sf-dump-key>SolSerVehiculo</span>\" => \"<span class=sf-dump-str title=\"7 characters\">WFR-524</span>\"
    \"<span class=sf-dump-key>SolSerFecha</span>\" => <span class=sf-dump-const>null</span>
    \"<span class=sf-dump-key>SolSerSlug</span>\" => \"<span class=sf-dump-str title=\"64 characters\">74b5f8c4f8a28641663b5f409dfd76d5aec9f5111416b181d5bd4071b3b7cb18</span>\"
    \"<span class=sf-dump-key>created_at</span>\" => \"<span class=sf-dump-str title=\"19 characters\">2025-01-05 20:39:58</span>\"
    \"<span class=sf-dump-key>updated_at</span>\" => \"<span class=sf-dump-str title=\"19 characters\">2025-04-11 14:47:08</span>\"
    \"<span class=sf-dump-key>SolSerDelete</span>\" => <span class=sf-dump-num>0</span>
    \"<span class=sf-dump-key>SolResAuditoriaTipo</span>\" => \"<span class=sf-dump-str title=\"7 characters\">Virtual</span>\"
    \"<span class=sf-dump-key>SolSerNameTrans</span>\" => \"<span class=sf-dump-str title=\"61 characters\">PROTECCI&#211;N SERVICIOS AMBIENTALES RESPEL DE COLOMBIA S.A. ESP.</span>\"
    \"<span class=sf-dump-key>SolSerNitTrans</span>\" => \"<span class=sf-dump-str title=\"13 characters\">900.079.188-0</span>\"
    \"<span class=sf-dump-key>SolSerAdressTrans</span>\" => \"<span class=sf-dump-str title=\"39 characters\">KM 6 V&#205;A LA MESA SUB ESTACI&#211;N BALSILLAS</span>\"
    \"<span class=sf-dump-key>SolSerCityTrans</span>\" => <span class=sf-dump-num>584</span>
    \"<span class=sf-dump-key>SolSerTypeCollect</span>\" => \"<span class=sf-dump-str title=\"2 characters\">98</span>\"
    \"<span class=sf-dump-key>SolSerCollectAddress</span>\" => \"<span class=sf-dump-str title=\"4 characters\">1520</span>\"
    \"<span class=sf-dump-key>FK_SolSerCollectMun</span>\" => <span class=sf-dump-const>null</span>
    \"<span class=sf-dump-key>SolSerBascula</span>\" => <span class=sf-dump-num>0</span>
    \"<span class=sf-dump-key>SolSerCapacitacion</span>\" => <span class=sf-dump-num>0</span>
    \"<span class=sf-dump-key>SolSerMasPerson</span>\" => <span class=sf-dump-num>0</span>
    \"<span class=sf-dump-key>SolSerVehicExclusive</span>\" => <span class=sf-dump-num>0</span>
    \"<span class=sf-dump-key>SolSerPlatform</span>\" => <span class=sf-dump-num>0</span>
    \"<span class=sf-dump-key>SolSerDevolucion</span>\" => <span class=sf-dump-const>null</span>
    \"<span class=sf-dump-key>SolSerDevolucionTipo</span>\" => <span class=sf-dump-const>null</span>
    \"<span class=sf-dump-key>FK_SolSerPersona</span>\" => <span class=sf-dump-num>1622</span>
    \"<span class=sf-dump-key>FK_SolSerCliente</span>\" => <span class=sf-dump-num>1268</span>
    \"<span class=sf-dump-key>SolSerDescript</span>\" => \"<span class=sf-dump-str>.</span>\"
    \"<span class=sf-dump-key>SolSerSupport</span>\" => <span class=sf-dump-const>null</span>
    \"<span class=sf-dump-key>SolServCertStatus</span>\" => <span class=sf-dump-num>2</span>
    \"<span class=sf-dump-key>SolServMailCopia</span>\" => \"<span class=sf-dump-str title=\"4 characters\">null</span>\"
    \"<span class=sf-dump-key>SolSerRMs</span>\" => \"<span class=sf-dump-str title=\"21 characters\">[null,null,null,null]</span>\"
    \"<span class=sf-dump-key>SolSerTranspPrecio</span>\" => \"<span class=sf-dump-str title=\"4 characters\">0.00</span>\"
    \"<span class=sf-dump-key>FK_ReciboSolserv</span>\" => <span class=sf-dump-const>null</span>
    \"<span class=sf-dump-key>SolNumeroFactura</span>\" => <span class=sf-dump-const>null</span>
  </samp>]
  #<span class=sf-dump-protected title=\"Protected property\">original</span>: <span class=sf-dump-note>array:36</span> [<samp data-depth=2 class=sf-dump-compact>
    \"<span class=sf-dump-key>ID_SolSer</span>\" => <span class=sf-dump-num>46549</span>
    \"<span class=sf-dump-key>SolSerStatus</span>\" => \"<span class=sf-dump-str title=\"10 characters\">Conciliado</span>\"
    \"<span class=sf-dump-key>SolSerTipo</span>\" => \"<span class=sf-dump-str title=\"7 characters\">Interno</span>\"
    \"<span class=sf-dump-key>SolSerAuditable</span>\" => <span class=sf-dump-num>1</span>
    \"<span class=sf-dump-key>SolSerConductor</span>\" => \"<span class=sf-dump-str title=\"13 characters\">Orlando Hueso</span>\"
    \"<span class=sf-dump-key>SolSerVehiculo</span>\" => \"<span class=sf-dump-str title=\"7 characters\">WFR-524</span>\"
    \"<span class=sf-dump-key>SolSerFecha</span>\" => <span class=sf-dump-const>null</span>
    \"<span class=sf-dump-key>SolSerSlug</span>\" => \"<span class=sf-dump-str title=\"64 characters\">74b5f8c4f8a28641663b5f409dfd76d5aec9f5111416b181d5bd4071b3b7cb18</span>\"
    \"<span class=sf-dump-key>created_at</span>\" => \"<span class=sf-dump-str title=\"19 characters\">2025-01-05 20:39:58</span>\"
    \"<span class=sf-dump-key>updated_at</span>\" => \"<span class=sf-dump-str title=\"19 characters\">2025-04-11 14:47:08</span>\"
    \"<span class=sf-dump-key>SolSerDelete</span>\" => <span class=sf-dump-num>0</span>
    \"<span class=sf-dump-key>SolResAuditoriaTipo</span>\" => \"<span class=sf-dump-str title=\"7 characters\">Virtual</span>\"
    \"<span class=sf-dump-key>SolSerNameTrans</span>\" => \"<span class=sf-dump-str title=\"61 characters\">PROTECCI&#211;N SERVICIOS AMBIENTALES RESPEL DE COLOMBIA S.A. ESP.</span>\"
    \"<span class=sf-dump-key>SolSerNitTrans</span>\" => \"<span class=sf-dump-str title=\"13 characters\">900.079.188-0</span>\"
    \"<span class=sf-dump-key>SolSerAdressTrans</span>\" => \"<span class=sf-dump-str title=\"39 characters\">KM 6 V&#205;A LA MESA SUB ESTACI&#211;N BALSILLAS</span>\"
    \"<span class=sf-dump-key>SolSerCityTrans</span>\" => <span class=sf-dump-num>584</span>
    \"<span class=sf-dump-key>SolSerTypeCollect</span>\" => \"<span class=sf-dump-str title=\"2 characters\">98</span>\"
    \"<span class=sf-dump-key>SolSerCollectAddress</span>\" => \"<span class=sf-dump-str title=\"4 characters\">1520</span>\"
    \"<span class=sf-dump-key>FK_SolSerCollectMun</span>\" => <span class=sf-dump-const>null</span>
    \"<span class=sf-dump-key>SolSerBascula</span>\" => <span class=sf-dump-num>0</span>
    \"<span class=sf-dump-key>SolSerCapacitacion</span>\" => <span class=sf-dump-num>0</span>
    \"<span class=sf-dump-key>SolSerMasPerson</span>\" => <span class=sf-dump-num>0</span>
    \"<span class=sf-dump-key>SolSerVehicExclusive</span>\" => <span class=sf-dump-num>0</span>
    \"<span class=sf-dump-key>SolSerPlatform</span>\" => <span class=sf-dump-num>0</span>
    \"<span class=sf-dump-key>SolSerDevolucion</span>\" => <span class=sf-dump-const>null</span>
    \"<span class=sf-dump-key>SolSerDevolucionTipo</span>\" => <span class=sf-dump-const>null</span>
    \"<span class=sf-dump-key>FK_SolSerPersona</span>\" => <span class=sf-dump-num>1622</span>
    \"<span class=sf-dump-key>FK_SolSerCliente</span>\" => <span class=sf-dump-num>1268</span>
    \"<span class=sf-dump-key>SolSerDescript</span>\" => \"<span class=sf-dump-str>.</span>\"
    \"<span class=sf-dump-key>SolSerSupport</span>\" => <span class=sf-dump-const>null</span>
    \"<span class=sf-dump-key>SolServCertStatus</span>\" => <span class=sf-dump-num>2</span>
    \"<span class=sf-dump-key>SolServMailCopia</span>\" => \"<span class=sf-dump-str title=\"4 characters\">null</span>\"
    \"<span class=sf-dump-key>SolSerRMs</span>\" => \"<span class=sf-dump-str title=\"21 characters\">[null,null,null,null]</span>\"
    \"<span class=sf-dump-key>SolSerTranspPrecio</span>\" => \"<span class=sf-dump-str title=\"4 characters\">0.00</span>\"
    \"<span class=sf-dump-key>FK_ReciboSolserv</span>\" => <span class=sf-dump-const>null</span>
    \"<span class=sf-dump-key>SolNumeroFactura</span>\" => <span class=sf-dump-const>null</span>
  </samp>]
  #<span class=sf-dump-protected title=\"Protected property\">changes</span>: <span class=sf-dump-note>array:2</span> [<samp data-depth=2 class=sf-dump-compact>
    \"<span class=sf-dump-key>SolSerStatus</span>\" => \"<span class=sf-dump-str title=\"10 characters\">Conciliado</span>\"
    \"<span class=sf-dump-key>updated_at</span>\" => \"<span class=sf-dump-str title=\"19 characters\">2025-04-11 14:47:08</span>\"
  </samp>]
  #<span class=sf-dump-protected title=\"Protected property\">casts</span>: <span class=sf-dump-note>array:1</span> [<samp data-depth=2 class=sf-dump-compact>
    \"<span class=sf-dump-key>SolSerRMs</span>\" => \"<span class=sf-dump-str title=\"5 characters\">array</span>\"
  </samp>]
  #<span class=sf-dump-protected title=\"Protected property\">classCastCache</span>: []
  #<span class=sf-dump-protected title=\"Protected property\">attributeCastCache</span>: []
  #<span class=sf-dump-protected title=\"Protected property\">dateFormat</span>: <span class=sf-dump-const>null</span>
  #<span class=sf-dump-protected title=\"Protected property\">appends</span>: []
  #<span class=sf-dump-protected title=\"Protected property\">dispatchesEvents</span>: []
  #<span class=sf-dump-protected title=\"Protected property\">observables</span>: []
  #<span class=sf-dump-protected title=\"Protected property\">relations</span>: []
  #<span class=sf-dump-protected title=\"Protected property\">touches</span>: []
  +<span class=sf-dump-public title=\"Public property\">timestamps</span>: <span class=sf-dump-const>true</span>
  +<span class=sf-dump-public title=\"Public property\">usesUniqueIds</span>: <span class=sf-dump-const>false</span>
  #<span class=sf-dump-protected title=\"Protected property\">hidden</span>: []
  #<span class=sf-dump-protected title=\"Protected property\">visible</span>: []
  #<span class=sf-dump-protected title=\"Protected property\">fillable</span>: <span class=sf-dump-note>array:19</span> [<samp data-depth=2 class=sf-dump-compact>
    <span class=sf-dump-index>0</span> => \"<span class=sf-dump-str title=\"12 characters\">SolSerStatus</span>\"
    <span class=sf-dump-index>1</span> => \"<span class=sf-dump-str title=\"10 characters\">SolSerTipo</span>\"
    <span class=sf-dump-index>2</span> => \"<span class=sf-dump-str title=\"16 characters\">SolSerFrecuencia</span>\"
    <span class=sf-dump-index>3</span> => \"<span class=sf-dump-str title=\"16 characters\"> SolSerAuditable</span>\"
    <span class=sf-dump-index>4</span> => \"<span class=sf-dump-str title=\"17 characters\">SolSerConducExter</span>\"
    <span class=sf-dump-index>5</span> => \"<span class=sf-dump-str title=\"16 characters\">SolSerVehicExter</span>\"
    <span class=sf-dump-index>6</span> => \"<span class=sf-dump-str title=\"10 characters\">SolSerSlug</span>\"
    <span class=sf-dump-index>7</span> => \"<span class=sf-dump-str title=\"22 characters\">Fk_SolSerTransportador</span>\"
    <span class=sf-dump-index>8</span> => \"<span class=sf-dump-str title=\"16 characters\">FK_SolSerCliente</span>\"
    <span class=sf-dump-index>9</span> => \"<span class=sf-dump-str title=\"16 characters\">FK_SolSerPersona</span>\"
    <span class=sf-dump-index>10</span> => \"<span class=sf-dump-str title=\"12 characters\">SolSerDelete</span>\"
    <span class=sf-dump-index>11</span> => \"<span class=sf-dump-str title=\"10 characters\">created_at</span>\"
    <span class=sf-dump-index>12</span> => \"<span class=sf-dump-str title=\"10 characters\">updated_at</span>\"
    <span class=sf-dump-index>13</span> => \"<span class=sf-dump-str title=\"15 characters\">SolSerCityTrans</span>\"
    <span class=sf-dump-index>14</span> => \"<span class=sf-dump-str title=\"19 characters\">FK_SolSerCollectMun</span>\"
    <span class=sf-dump-index>15</span> => \"<span class=sf-dump-str title=\"9 characters\">SolSerRMs</span>\"
    <span class=sf-dump-index>16</span> => \"<span class=sf-dump-str title=\"18 characters\">SolSerTranspPrecio</span>\"
    <span class=sf-dump-index>17</span> => \"<span class=sf-dump-str title=\"11 characters\">SolSerFecha</span>\"
    <span class=sf-dump-index>18</span> => \"<span class=sf-dump-str title=\"16 characters\">SolNumeroFactura</span>\"
  </samp>]
  #<span class=sf-dump-protected title=\"Protected property\">guarded</span>: <span class=sf-dump-note>array:1</span> [<samp data-depth=2 class=sf-dump-compact>
    <span class=sf-dump-index>0</span> => \"<span class=sf-dump-str>*</span>\"
  </samp>]
</samp>}
</pre><script>Sfdump(\"sf-dump-1931248732\", {\"maxDepth\":3,\"maxStringLength\":160})</script>
","qrCode":"<pre class=sf-dump id=sf-dump-151646197 data-indent-pad=\"  \"><span class=sf-dump-note>Endroid\\QrCode\\QrCode</span> {<a class=sf-dump-ref>#3484</a><samp data-depth=1 class=sf-dump-expanded>
  -<span class=sf-dump-private title=\"Private property defined in class:&#10;`Endroid\\QrCode\\QrCode`\">text</span>: \"<span class=sf-dump-str title=\"99 characters\">http://lprosarc2.test/certificados/e31f36745944e03ccc051ff24d011623c7c2942f417fb60e4594b50f26c6aced</span>\"
  -<span class=sf-dump-private title=\"Private property defined in class:&#10;`Endroid\\QrCode\\QrCode`\">size</span>: <span class=sf-dump-num>296</span>
  -<span class=sf-dump-private title=\"Private property defined in class:&#10;`Endroid\\QrCode\\QrCode`\">margin</span>: <span class=sf-dump-num>0</span>
  -<span class=sf-dump-private title=\"Private property defined in class:&#10;`Endroid\\QrCode\\QrCode`\">foregroundColor</span>: <span class=sf-dump-note>array:4</span> [<samp data-depth=2 class=sf-dump-compact>
    \"<span class=sf-dump-key>r</span>\" => <span class=sf-dump-num>0</span>
    \"<span class=sf-dump-key>g</span>\" => <span class=sf-dump-num>0</span>
    \"<span class=sf-dump-key>b</span>\" => <span class=sf-dump-num>0</span>
    \"<span class=sf-dump-key>a</span>\" => <span class=sf-dump-num>0</span>
  </samp>]
  -<span class=sf-dump-private title=\"Private property defined in class:&#10;`Endroid\\QrCode\\QrCode`\">backgroundColor</span>: <span class=sf-dump-note>array:4</span> [<samp data-depth=2 class=sf-dump-compact>
    \"<span class=sf-dump-key>r</span>\" => <span class=sf-dump-num>255</span>
    \"<span class=sf-dump-key>g</span>\" => <span class=sf-dump-num>255</span>
    \"<span class=sf-dump-key>b</span>\" => <span class=sf-dump-num>255</span>
    \"<span class=sf-dump-key>a</span>\" => <span class=sf-dump-num>0</span>
  </samp>]
  -<span class=sf-dump-private title=\"Private property defined in class:&#10;`Endroid\\QrCode\\QrCode`\">encoding</span>: \"<span class=sf-dump-str title=\"5 characters\">UTF-8</span>\"
  -<span class=sf-dump-private title=\"Private property defined in class:&#10;`Endroid\\QrCode\\QrCode`\">roundBlockSize</span>: <span class=sf-dump-const>true</span>
  -<span class=sf-dump-private title=\"Private property defined in class:&#10;`Endroid\\QrCode\\QrCode`\">roundBlockSizeMode</span>: \"<span class=sf-dump-str title=\"6 characters\">shrink</span>\"
  -<span class=sf-dump-private title=\"Private property defined in class:&#10;`Endroid\\QrCode\\QrCode`\">errorCorrectionLevel</span>: <span class=sf-dump-note title=\"Endroid\\QrCode\\ErrorCorrectionLevel
\"><span class=\"sf-dump-ellipsis sf-dump-ellipsis-note\">Endroid\\QrCode</span><span class=\"sf-dump-ellipsis sf-dump-ellipsis-note\">\\</span>ErrorCorrectionLevel</span> {<a class=sf-dump-ref>#3010</a><samp data-depth=2 class=sf-dump-compact>
    #<span class=sf-dump-protected title=\"Protected property\">value</span>: \"<span class=sf-dump-str title=\"3 characters\">low</span>\"
    -<span class=sf-dump-private title=\"Private property defined in class:&#10;`MyCLabs\\Enum\\Enum`\">key</span>: \"<span class=sf-dump-str title=\"3 characters\">LOW</span>\"
  </samp>}
  -<span class=sf-dump-private title=\"Private property defined in class:&#10;`Endroid\\QrCode\\QrCode`\">logoPath</span>: \"<span class=sf-dump-str title=\"36 characters\">http://lprosarc2.test/img/LogoQR.png</span>\"
  -<span class=sf-dump-private title=\"Private property defined in class:&#10;`Endroid\\QrCode\\QrCode`\">logoWidth</span>: <span class=sf-dump-num>60</span>
  -<span class=sf-dump-private title=\"Private property defined in class:&#10;`Endroid\\QrCode\\QrCode`\">logoHeight</span>: <span class=sf-dump-num>60</span>
  -<span class=sf-dump-private title=\"Private property defined in class:&#10;`Endroid\\QrCode\\QrCode`\">label</span>: <span class=sf-dump-const>null</span>
  -<span class=sf-dump-private title=\"Private property defined in class:&#10;`Endroid\\QrCode\\QrCode`\">labelFontSize</span>: <span class=sf-dump-num>16</span>
  -<span class=sf-dump-private title=\"Private property defined in class:&#10;`Endroid\\QrCode\\QrCode`\">labelFontPath</span>: \"<span class=sf-dump-str title=\"81 characters\">C:\\laragon\\www\\lprosarc2\\vendor\\endroid\\qr-code\\src/../assets/fonts/noto_sans.otf</span>\"
  -<span class=sf-dump-private title=\"Private property defined in class:&#10;`Endroid\\QrCode\\QrCode`\">labelAlignment</span>: <span class=sf-dump-note title=\"Endroid\\QrCode\\LabelAlignment
\"><span class=\"sf-dump-ellipsis sf-dump-ellipsis-note\">Endroid\\QrCode</span><span class=\"sf-dump-ellipsis sf-dump-ellipsis-note\">\\</span>LabelAlignment</span> {<a class=sf-dump-ref>#2386</a><samp data-depth=2 class=sf-dump-compact>
    #<span class=sf-dump-protected title=\"Protected property\">value</span>: \"<span class=sf-dump-str title=\"6 characters\">center</span>\"
    -<span class=sf-dump-private title=\"Private property defined in class:&#10;`MyCLabs\\Enum\\Enum`\">key</span>: \"<span class=sf-dump-str title=\"6 characters\">CENTER</span>\"
  </samp>}
  -<span class=sf-dump-private title=\"Private property defined in class:&#10;`Endroid\\QrCode\\QrCode`\">labelMargin</span>: <span class=sf-dump-note>array:4</span> [<samp data-depth=2 class=sf-dump-compact>
    \"<span class=sf-dump-key>t</span>\" => <span class=sf-dump-num>0</span>
    \"<span class=sf-dump-key>r</span>\" => <span class=sf-dump-num>10</span>
    \"<span class=sf-dump-key>b</span>\" => <span class=sf-dump-num>10</span>
    \"<span class=sf-dump-key>l</span>\" => <span class=sf-dump-num>10</span>
  </samp>]
  -<span class=sf-dump-private title=\"Private property defined in class:&#10;`Endroid\\QrCode\\QrCode`\">writerRegistry</span>: <span class=sf-dump-note title=\"Endroid\\QrCode\\WriterRegistry
\"><span class=\"sf-dump-ellipsis sf-dump-ellipsis-note\">Endroid\\QrCode</span><span class=\"sf-dump-ellipsis sf-dump-ellipsis-note\">\\</span>WriterRegistry</span> {<a class=sf-dump-ref>#2698</a><samp data-depth=2 class=sf-dump-compact>
    -<span class=sf-dump-private title=\"Private property defined in class:&#10;`Endroid\\QrCode\\WriterRegistry`\">writers</span>: <span class=sf-dump-note>array:6</span> [<samp data-depth=3 class=sf-dump-compact>
      \"<span class=sf-dump-key>binary</span>\" => <span class=sf-dump-note title=\"Endroid\\QrCode\\Writer\\BinaryWriter
\"><span class=\"sf-dump-ellipsis sf-dump-ellipsis-note\">Endroid\\QrCode\\Writer</span><span class=\"sf-dump-ellipsis sf-dump-ellipsis-note\">\\</span>BinaryWriter</span> {<a class=sf-dump-ref>#3009</a>}
      \"<span class=sf-dump-key>debug</span>\" => <span class=sf-dump-note title=\"Endroid\\QrCode\\Writer\\DebugWriter
\"><span class=\"sf-dump-ellipsis sf-dump-ellipsis-note\">Endroid\\QrCode\\Writer</span><span class=\"sf-dump-ellipsis sf-dump-ellipsis-note\">\\</span>DebugWriter</span> {<a class=sf-dump-ref>#2583</a>}
      \"<span class=sf-dump-key>eps</span>\" => <span class=sf-dump-note title=\"Endroid\\QrCode\\Writer\\EpsWriter
\"><span class=\"sf-dump-ellipsis sf-dump-ellipsis-note\">Endroid\\QrCode\\Writer</span><span class=\"sf-dump-ellipsis sf-dump-ellipsis-note\">\\</span>EpsWriter</span> {<a class=sf-dump-ref>#3483</a>}
      \"<span class=sf-dump-key>png</span>\" => <span class=sf-dump-note title=\"Endroid\\QrCode\\Writer\\PngWriter
\"><span class=\"sf-dump-ellipsis sf-dump-ellipsis-note\">Endroid\\QrCode\\Writer</span><span class=\"sf-dump-ellipsis sf-dump-ellipsis-note\">\\</span>PngWriter</span> {<a class=sf-dump-ref href=#sf-dump-151646197-ref23482 title=\"2 occurrences\">#3482</a>}
      \"<span class=sf-dump-key>svg</span>\" => <span class=sf-dump-note title=\"Endroid\\QrCode\\Writer\\SvgWriter
\"><span class=\"sf-dump-ellipsis sf-dump-ellipsis-note\">Endroid\\QrCode\\Writer</span><span class=\"sf-dump-ellipsis sf-dump-ellipsis-note\">\\</span>SvgWriter</span> {<a class=sf-dump-ref>#2521</a>}
      \"<span class=sf-dump-key>fpdf</span>\" => <span class=sf-dump-note title=\"Endroid\\QrCode\\Writer\\FpdfWriter
\"><span class=\"sf-dump-ellipsis sf-dump-ellipsis-note\">Endroid\\QrCode\\Writer</span><span class=\"sf-dump-ellipsis sf-dump-ellipsis-note\">\\</span>FpdfWriter</span> {<a class=sf-dump-ref>#2479</a>}
    </samp>]
    -<span class=sf-dump-private title=\"Private property defined in class:&#10;`Endroid\\QrCode\\WriterRegistry`\">defaultWriter</span>: <span class=sf-dump-note title=\"Endroid\\QrCode\\Writer\\PngWriter
\"><span class=\"sf-dump-ellipsis sf-dump-ellipsis-note\">Endroid\\QrCode\\Writer</span><span class=\"sf-dump-ellipsis sf-dump-ellipsis-note\">\\</span>PngWriter</span> {<a class=sf-dump-ref href=#sf-dump-151646197-ref23482 title=\"2 occurrences\">#3482</a>}
  </samp>}
  -<span class=sf-dump-private title=\"Private property defined in class:&#10;`Endroid\\QrCode\\QrCode`\">writer</span>: <span class=sf-dump-const>null</span>
  -<span class=sf-dump-private title=\"Private property defined in class:&#10;`Endroid\\QrCode\\QrCode`\">writerOptions</span>: []
  -<span class=sf-dump-private title=\"Private property defined in class:&#10;`Endroid\\QrCode\\QrCode`\">validateResult</span>: <span class=sf-dump-const>false</span>
</samp>}
</pre><script>Sfdump(\"sf-dump-151646197\", {\"maxDepth\":3,\"maxStringLength\":160})</script>
","fechaLlegadaPlanta":"<pre class=sf-dump id=sf-dump-1835024973 data-indent-pad=\"  \">\"<span class=sf-dump-str title=\"19 characters\">2025-01-10 13:00:00</span>\"
</pre><script>Sfdump(\"sf-dump-1835024973\", {\"maxDepth\":3,\"maxStringLength\":160})</script>
"}},"userId":1,"exception":"[object] (Spatie\\LaravelIgnition\\Exceptions\\ViewException(code: 0): get_headers(): Argument #2 ($associative) must be of type bool, int given at C:\\laragon\\www\\lprosarc2\\vendor\\endroid\\qr-code\\src\\Writer\\AbstractWriter.php:35)
[stacktrace]
#0 C:\\laragon\\www\\lprosarc2\\vendor\\endroid\\qr-code\\src\\Writer\\AbstractWriter.php(35): get_headers('http://lprosarc...', 1)
#1 C:\\laragon\\www\\lprosarc2\\vendor\\endroid\\qr-code\\src\\Writer\\AbstractWriter.php(24): Endroid\\QrCode\\Writer\\AbstractWriter->getMimeTypeFromUrl('http://lprosarc...')
#2 C:\\laragon\\www\\lprosarc2\\vendor\\endroid\\qr-code\\src\\Writer\\PngWriter.php(150): Endroid\\QrCode\\Writer\\AbstractWriter->getMimeType('http://lprosarc...')
#3 C:\\laragon\\www\\lprosarc2\\vendor\\endroid\\qr-code\\src\\Writer\\PngWriter.php(34): Endroid\\QrCode\\Writer\\PngWriter->addLogo(Object(GdImage), 'http://lprosarc...', 60, 60)
#4 C:\\laragon\\www\\lprosarc2\\vendor\\endroid\\qr-code\\src\\Writer\\AbstractWriter.php(70): Endroid\\QrCode\\Writer\\PngWriter->writeString(Object(Endroid\\QrCode\\QrCode))
#5 C:\\laragon\\www\\lprosarc2\\vendor\\endroid\\qr-code\\src\\QrCode.php(407): Endroid\\QrCode\\Writer\\AbstractWriter->writeDataUri(Object(Endroid\\QrCode\\QrCode))
#6 C:\\laragon\\www\\lprosarc2\\resources\\views\\certificados\\topdf.blade.php(714): Endroid\\QrCode\\QrCode->writeDataUri()
#7 C:\\laragon\\www\\lprosarc2\\vendor\\laravel\\framework\\src\\Illuminate\\Filesystem\\Filesystem.php(123): require('C:\\\\laragon\\\\www\\\\...')
#8 C:\\laragon\\www\\lprosarc2\\vendor\\laravel\\framework\\src\\Illuminate\\Filesystem\\Filesystem.php(124): Illuminate\\Filesystem\\Filesystem::Illuminate\\Filesystem\\{closure}()
#9 C:\\laragon\\www\\lprosarc2\\vendor\\laravel\\framework\\src\\Illuminate\\View\\Engines\\PhpEngine.php(58): Illuminate\\Filesystem\\Filesystem->getRequire('C:\\\\laragon\\\\www\\\\...', Array)
#10 C:\\laragon\\www\\lprosarc2\\vendor\\laravel\\framework\\src\\Illuminate\\View\\Engines\\CompilerEngine.php(73): Illuminate\\View\\Engines\\PhpEngine->evaluatePath('C:\\\\laragon\\\\www\\\\...', Array)
#11 C:\\laragon\\www\\lprosarc2\\vendor\\laravel\\framework\\src\\Illuminate\\View\\View.php(208): Illuminate\\View\\Engines\\CompilerEngine->get('C:\\\\laragon\\\\www\\\\...', Array)
#12 C:\\laragon\\www\\lprosarc2\\vendor\\laravel\\framework\\src\\Illuminate\\View\\View.php(191): Illuminate\\View\\View->getContents()
#13 C:\\laragon\\www\\lprosarc2\\vendor\\laravel\\framework\\src\\Illuminate\\View\\View.php(160): Illuminate\\View\\View->renderContents()
#14 C:\\laragon\\www\\lprosarc2\\vendor\\barryvdh\\laravel-dompdf\\src\\PDF.php(140): Illuminate\\View\\View->render()
#15 C:\\laragon\\www\\lprosarc2\\app\\Http\\Controllers\\SolicitudServicioController.php(2544): Barryvdh\\DomPDF\\PDF->loadView('certificados.to...', Array)
#16 C:\\laragon\\www\\lprosarc2\\vendor\\laravel\\framework\\src\\Illuminate\\Routing\\Controller.php(54): App\\Http\\Controllers\\SolicitudServicioController->changestatus(Object(Illuminate\\Http\\Request))
#17 C:\\laragon\\www\\lprosarc2\\vendor\\laravel\\framework\\src\\Illuminate\\Routing\\ControllerDispatcher.php(43): Illuminate\\Routing\\Controller->callAction('changestatus', Array)
#18 C:\\laragon\\www\\lprosarc2\\vendor\\laravel\\framework\\src\\Illuminate\\Routing\\Route.php(260): Illuminate\\Routing\\ControllerDispatcher->dispatch(Object(Illuminate\\Routing\\Route), Object(App\\Http\\Controllers\\SolicitudServicioController), 'changestatus')
#19 C:\\laragon\\www\\lprosarc2\\vendor\\laravel\\framework\\src\\Illuminate\\Routing\\Route.php(206): Illuminate\\Routing\\Route->runController()
#20 C:\\laragon\\www\\lprosarc2\\vendor\\laravel\\framework\\src\\Illuminate\\Routing\\Router.php(808): Illuminate\\Routing\\Route->run()
#21 C:\\laragon\\www\\lprosarc2\\vendor\\laravel\\framework\\src\\Illuminate\\Pipeline\\Pipeline.php(144): Illuminate\\Routing\\Router->Illuminate\\Routing\\{closure}(Object(Illuminate\\Http\\Request))
#22 C:\\laragon\\www\\lprosarc2\\vendor\\laravel\\framework\\src\\Illuminate\\Auth\\Middleware\\EnsureEmailIsVerified.php(41): Illuminate\\Pipeline\\Pipeline->Illuminate\\Pipeline\\{closure}(Object(Illuminate\\Http\\Request))
#23 C:\\laragon\\www\\lprosarc2\\vendor\\laravel\\framework\\src\\Illuminate\\Pipeline\\Pipeline.php(183): Illuminate\\Auth\\Middleware\\EnsureEmailIsVerified->handle(Object(Illuminate\\Http\\Request), Object(Closure))
#24 C:\\laragon\\www\\lprosarc2\\vendor\\laravel\\framework\\src\\Illuminate\\Routing\\Middleware\\SubstituteBindings.php(51): Illuminate\\Pipeline\\Pipeline->Illuminate\\Pipeline\\{closure}(Object(Illuminate\\Http\\Request))
#25 C:\\laragon\\www\\lprosarc2\\vendor\\laravel\\framework\\src\\Illuminate\\Pipeline\\Pipeline.php(183): Illuminate\\Routing\\Middleware\\SubstituteBindings->handle(Object(Illuminate\\Http\\Request), Object(Closure))
#26 C:\\laragon\\www\\lprosarc2\\vendor\\laravel\\framework\\src\\Illuminate\\Auth\\Middleware\\Authenticate.php(64): Illuminate\\Pipeline\\Pipeline->Illuminate\\Pipeline\\{closure}(Object(Illuminate\\Http\\Request))
#27 C:\\laragon\\www\\lprosarc2\\vendor\\laravel\\framework\\src\\Illuminate\\Pipeline\\Pipeline.php(183): Illuminate\\Auth\\Middleware\\Authenticate->handle(Object(Illuminate\\Http\\Request), Object(Closure))
#28 C:\\laragon\\www\\lprosarc2\\vendor\\laravel\\framework\\src\\Illuminate\\Foundation\\Http\\Middleware\\VerifyCsrfToken.php(88): Illuminate\\Pipeline\\Pipeline->Illuminate\\Pipeline\\{closure}(Object(Illuminate\\Http\\Request))
#29 C:\\laragon\\www\\lprosarc2\\vendor\\laravel\\framework\\src\\Illuminate\\Pipeline\\Pipeline.php(183): Illuminate\\Foundation\\Http\\Middleware\\VerifyCsrfToken->handle(Object(Illuminate\\Http\\Request), Object(Closure))
#30 C:\\laragon\\www\\lprosarc2\\vendor\\laravel\\framework\\src\\Illuminate\\View\\Middleware\\ShareErrorsFromSession.php(49): Illuminate\\Pipeline\\Pipeline->Illuminate\\Pipeline\\{closure}(Object(Illuminate\\Http\\Request))
#31 C:\\laragon\\www\\lprosarc2\\vendor\\laravel\\framework\\src\\Illuminate\\Pipeline\\Pipeline.php(183): Illuminate\\View\\Middleware\\ShareErrorsFromSession->handle(Object(Illuminate\\Http\\Request), Object(Closure))
#32 C:\\laragon\\www\\lprosarc2\\vendor\\laravel\\framework\\src\\Illuminate\\Session\\Middleware\\StartSession.php(121): Illuminate\\Pipeline\\Pipeline->Illuminate\\Pipeline\\{closure}(Object(Illuminate\\Http\\Request))
#33 C:\\laragon\\www\\lprosarc2\\vendor\\laravel\\framework\\src\\Illuminate\\Session\\Middleware\\StartSession.php(64): Illuminate\\Session\\Middleware\\StartSession->handleStatefulRequest(Object(Illuminate\\Http\\Request), Object(Illuminate\\Session\\Store), Object(Closure))
#34 C:\\laragon\\www\\lprosarc2\\vendor\\laravel\\framework\\src\\Illuminate\\Pipeline\\Pipeline.php(183): Illuminate\\Session\\Middleware\\StartSession->handle(Object(Illuminate\\Http\\Request), Object(Closure))
#35 C:\\laragon\\www\\lprosarc2\\vendor\\laravel\\framework\\src\\Illuminate\\Cookie\\Middleware\\AddQueuedCookiesToResponse.php(37): Illuminate\\Pipeline\\Pipeline->Illuminate\\Pipeline\\{closure}(Object(Illuminate\\Http\\Request))
#36 C:\\laragon\\www\\lprosarc2\\vendor\\laravel\\framework\\src\\Illuminate\\Pipeline\\Pipeline.php(183): Illuminate\\Cookie\\Middleware\\AddQueuedCookiesToResponse->handle(Object(Illuminate\\Http\\Request), Object(Closure))
#37 C:\\laragon\\www\\lprosarc2\\vendor\\laravel\\framework\\src\\Illuminate\\Cookie\\Middleware\\EncryptCookies.php(75): Illuminate\\Pipeline\\Pipeline->Illuminate\\Pipeline\\{closure}(Object(Illuminate\\Http\\Request))
#38 C:\\laragon\\www\\lprosarc2\\vendor\\laravel\\framework\\src\\Illuminate\\Pipeline\\Pipeline.php(183): Illuminate\\Cookie\\Middleware\\EncryptCookies->handle(Object(Illuminate\\Http\\Request), Object(Closure))
#39 C:\\laragon\\www\\lprosarc2\\vendor\\laravel\\framework\\src\\Illuminate\\Pipeline\\Pipeline.php(119): Illuminate\\Pipeline\\Pipeline->Illuminate\\Pipeline\\{closure}(Object(Illuminate\\Http\\Request))
#40 C:\\laragon\\www\\lprosarc2\\vendor\\laravel\\framework\\src\\Illuminate\\Routing\\Router.php(807): Illuminate\\Pipeline\\Pipeline->then(Object(Closure))
#41 C:\\laragon\\www\\lprosarc2\\vendor\\laravel\\framework\\src\\Illuminate\\Routing\\Router.php(786): Illuminate\\Routing\\Router->runRouteWithinStack(Object(Illuminate\\Routing\\Route), Object(Illuminate\\Http\\Request))
#42 C:\\laragon\\www\\lprosarc2\\vendor\\laravel\\framework\\src\\Illuminate\\Routing\\Router.php(750): Illuminate\\Routing\\Router->runRoute(Object(Illuminate\\Http\\Request), Object(Illuminate\\Routing\\Route))
#43 C:\\laragon\\www\\lprosarc2\\vendor\\laravel\\framework\\src\\Illuminate\\Routing\\Router.php(739): Illuminate\\Routing\\Router->dispatchToRoute(Object(Illuminate\\Http\\Request))
#44 C:\\laragon\\www\\lprosarc2\\vendor\\laravel\\framework\\src\\Illuminate\\Foundation\\Http\\Kernel.php(201): Illuminate\\Routing\\Router->dispatch(Object(Illuminate\\Http\\Request))
#45 C:\\laragon\\www\\lprosarc2\\vendor\\laravel\\framework\\src\\Illuminate\\Pipeline\\Pipeline.php(144): Illuminate\\Foundation\\Http\\Kernel->Illuminate\\Foundation\\Http\\{closure}(Object(Illuminate\\Http\\Request))
#46 C:\\laragon\\www\\lprosarc2\\vendor\\laravel\\framework\\src\\Illuminate\\Http\\Middleware\\TrustProxies.php(57): Illuminate\\Pipeline\\Pipeline->Illuminate\\Pipeline\\{closure}(Object(Illuminate\\Http\\Request))
#47 C:\\laragon\\www\\lprosarc2\\vendor\\laravel\\framework\\src\\Illuminate\\Pipeline\\Pipeline.php(183): Illuminate\\Http\\Middleware\\TrustProxies->handle(Object(Illuminate\\Http\\Request), Object(Closure))
#48 C:\\laragon\\www\\lprosarc2\\vendor\\laravel\\framework\\src\\Illuminate\\Foundation\\Http\\Middleware\\TransformsRequest.php(21): Illuminate\\Pipeline\\Pipeline->Illuminate\\Pipeline\\{closure}(Object(Illuminate\\Http\\Request))
#49 C:\\laragon\\www\\lprosarc2\\vendor\\laravel\\framework\\src\\Illuminate\\Foundation\\Http\\Middleware\\ConvertEmptyStringsToNull.php(31): Illuminate\\Foundation\\Http\\Middleware\\TransformsRequest->handle(Object(Illuminate\\Http\\Request), Object(Closure))
#50 C:\\laragon\\www\\lprosarc2\\vendor\\laravel\\framework\\src\\Illuminate\\Pipeline\\Pipeline.php(183): Illuminate\\Foundation\\Http\\Middleware\\ConvertEmptyStringsToNull->handle(Object(Illuminate\\Http\\Request), Object(Closure))
#51 C:\\laragon\\www\\lprosarc2\\vendor\\laravel\\framework\\src\\Illuminate\\Foundation\\Http\\Middleware\\TransformsRequest.php(21): Illuminate\\Pipeline\\Pipeline->Illuminate\\Pipeline\\{closure}(Object(Illuminate\\Http\\Request))
#52 C:\\laragon\\www\\lprosarc2\\vendor\\laravel\\framework\\src\\Illuminate\\Foundation\\Http\\Middleware\\TrimStrings.php(51): Illuminate\\Foundation\\Http\\Middleware\\TransformsRequest->handle(Object(Illuminate\\Http\\Request), Object(Closure))
#53 C:\\laragon\\www\\lprosarc2\\vendor\\laravel\\framework\\src\\Illuminate\\Pipeline\\Pipeline.php(183): Illuminate\\Foundation\\Http\\Middleware\\TrimStrings->handle(Object(Illuminate\\Http\\Request), Object(Closure))
#54 C:\\laragon\\www\\lprosarc2\\vendor\\laravel\\framework\\src\\Illuminate\\Http\\Middleware\\ValidatePostSize.php(27): Illuminate\\Pipeline\\Pipeline->Illuminate\\Pipeline\\{closure}(Object(Illuminate\\Http\\Request))
#55 C:\\laragon\\www\\lprosarc2\\vendor\\laravel\\framework\\src\\Illuminate\\Pipeline\\Pipeline.php(183): Illuminate\\Http\\Middleware\\ValidatePostSize->handle(Object(Illuminate\\Http\\Request), Object(Closure))
#56 C:\\laragon\\www\\lprosarc2\\vendor\\laravel\\framework\\src\\Illuminate\\Foundation\\Http\\Middleware\\PreventRequestsDuringMaintenance.php(110): Illuminate\\Pipeline\\Pipeline->Illuminate\\Pipeline\\{closure}(Object(Illuminate\\Http\\Request))
#57 C:\\laragon\\www\\lprosarc2\\vendor\\laravel\\framework\\src\\Illuminate\\Pipeline\\Pipeline.php(183): Illuminate\\Foundation\\Http\\Middleware\\PreventRequestsDuringMaintenance->handle(Object(Illuminate\\Http\\Request), Object(Closure))
#58 C:\\laragon\\www\\lprosarc2\\vendor\\laravel\\framework\\src\\Illuminate\\Pipeline\\Pipeline.php(119): Illuminate\\Pipeline\\Pipeline->Illuminate\\Pipeline\\{closure}(Object(Illuminate\\Http\\Request))
#59 C:\\laragon\\www\\lprosarc2\\vendor\\laravel\\framework\\src\\Illuminate\\Foundation\\Http\\Kernel.php(176): Illuminate\\Pipeline\\Pipeline->then(Object(Closure))
#60 C:\\laragon\\www\\lprosarc2\\vendor\\laravel\\framework\\src\\Illuminate\\Foundation\\Http\\Kernel.php(145): Illuminate\\Foundation\\Http\\Kernel->sendRequestThroughRouter(Object(Illuminate\\Http\\Request))
#61 C:\\laragon\\www\\lprosarc2\\public\\index.php(54): Illuminate\\Foundation\\Http\\Kernel->handle(Object(Illuminate\\Http\\Request))
#62 {main}

[previous exception] [object] (TypeError(code: 0): get_headers(): Argument #2 ($associative) must be of type bool, int given at C:\\laragon\\www\\lprosarc2\\vendor\\endroid\\qr-code\\src\\Writer\\AbstractWriter.php:35)
[stacktrace]
#0 C:\\laragon\\www\\lprosarc2\\vendor\\endroid\\qr-code\\src\\Writer\\AbstractWriter.php(35): get_headers('http://lprosarc...', 1)
#1 C:\\laragon\\www\\lprosarc2\\vendor\\endroid\\qr-code\\src\\Writer\\AbstractWriter.php(24): Endroid\\QrCode\\Writer\\AbstractWriter->getMimeTypeFromUrl('http://lprosarc...')
#2 C:\\laragon\\www\\lprosarc2\\vendor\\endroid\\qr-code\\src\\Writer\\PngWriter.php(150): Endroid\\QrCode\\Writer\\AbstractWriter->getMimeType('http://lprosarc...')
#3 C:\\laragon\\www\\lprosarc2\\vendor\\endroid\\qr-code\\src\\Writer\\PngWriter.php(34): Endroid\\QrCode\\Writer\\PngWriter->addLogo(Object(GdImage), 'http://lprosarc...', 60, 60)
#4 C:\\laragon\\www\\lprosarc2\\vendor\\endroid\\qr-code\\src\\Writer\\AbstractWriter.php(70): Endroid\\QrCode\\Writer\\PngWriter->writeString(Object(Endroid\\QrCode\\QrCode))
#5 C:\\laragon\\www\\lprosarc2\\vendor\\endroid\\qr-code\\src\\QrCode.php(407): Endroid\\QrCode\\Writer\\AbstractWriter->writeDataUri(Object(Endroid\\QrCode\\QrCode))
#6 C:\\laragon\\www\\lprosarc2\\storage\\framework\\views\\289b2227905e59c71a24611fc54e47be.php(716): Endroid\\QrCode\\QrCode->writeDataUri()
#7 C:\\laragon\\www\\lprosarc2\\vendor\\laravel\\framework\\src\\Illuminate\\Filesystem\\Filesystem.php(123): require('C:\\\\laragon\\\\www\\\\...')
#8 C:\\laragon\\www\\lprosarc2\\vendor\\laravel\\framework\\src\\Illuminate\\Filesystem\\Filesystem.php(124): Illuminate\\Filesystem\\Filesystem::Illuminate\\Filesystem\\{closure}()
#9 C:\\laragon\\www\\lprosarc2\\vendor\\laravel\\framework\\src\\Illuminate\\View\\Engines\\PhpEngine.php(58): Illuminate\\Filesystem\\Filesystem->getRequire('C:\\\\laragon\\\\www\\\\...', Array)
#10 C:\\laragon\\www\\lprosarc2\\vendor\\laravel\\framework\\src\\Illuminate\\View\\Engines\\CompilerEngine.php(73): Illuminate\\View\\Engines\\PhpEngine->evaluatePath('C:\\\\laragon\\\\www\\\\...', Array)
#11 C:\\laragon\\www\\lprosarc2\\vendor\\laravel\\framework\\src\\Illuminate\\View\\View.php(208): Illuminate\\View\\Engines\\CompilerEngine->get('C:\\\\laragon\\\\www\\\\...', Array)
#12 C:\\laragon\\www\\lprosarc2\\vendor\\laravel\\framework\\src\\Illuminate\\View\\View.php(191): Illuminate\\View\\View->getContents()
#13 C:\\laragon\\www\\lprosarc2\\vendor\\laravel\\framework\\src\\Illuminate\\View\\View.php(160): Illuminate\\View\\View->renderContents()
#14 C:\\laragon\\www\\lprosarc2\\vendor\\barryvdh\\laravel-dompdf\\src\\PDF.php(140): Illuminate\\View\\View->render()
#15 C:\\laragon\\www\\lprosarc2\\app\\Http\\Controllers\\SolicitudServicioController.php(2544): Barryvdh\\DomPDF\\PDF->loadView('certificados.to...', Array)
#16 C:\\laragon\\www\\lprosarc2\\vendor\\laravel\\framework\\src\\Illuminate\\Routing\\Controller.php(54): App\\Http\\Controllers\\SolicitudServicioController->changestatus(Object(Illuminate\\Http\\Request))
#17 C:\\laragon\\www\\lprosarc2\\vendor\\laravel\\framework\\src\\Illuminate\\Routing\\ControllerDispatcher.php(43): Illuminate\\Routing\\Controller->callAction('changestatus', Array)
#18 C:\\laragon\\www\\lprosarc2\\vendor\\laravel\\framework\\src\\Illuminate\\Routing\\Route.php(260): Illuminate\\Routing\\ControllerDispatcher->dispatch(Object(Illuminate\\Routing\\Route), Object(App\\Http\\Controllers\\SolicitudServicioController), 'changestatus')
#19 C:\\laragon\\www\\lprosarc2\\vendor\\laravel\\framework\\src\\Illuminate\\Routing\\Route.php(206): Illuminate\\Routing\\Route->runController()
#20 C:\\laragon\\www\\lprosarc2\\vendor\\laravel\\framework\\src\\Illuminate\\Routing\\Router.php(808): Illuminate\\Routing\\Route->run()
#21 C:\\laragon\\www\\lprosarc2\\vendor\\laravel\\framework\\src\\Illuminate\\Pipeline\\Pipeline.php(144): Illuminate\\Routing\\Router->Illuminate\\Routing\\{closure}(Object(Illuminate\\Http\\Request))
#22 C:\\laragon\\www\\lprosarc2\\vendor\\laravel\\framework\\src\\Illuminate\\Auth\\Middleware\\EnsureEmailIsVerified.php(41): Illuminate\\Pipeline\\Pipeline->Illuminate\\Pipeline\\{closure}(Object(Illuminate\\Http\\Request))
#23 C:\\laragon\\www\\lprosarc2\\vendor\\laravel\\framework\\src\\Illuminate\\Pipeline\\Pipeline.php(183): Illuminate\\Auth\\Middleware\\EnsureEmailIsVerified->handle(Object(Illuminate\\Http\\Request), Object(Closure))
#24 C:\\laragon\\www\\lprosarc2\\vendor\\laravel\\framework\\src\\Illuminate\\Routing\\Middleware\\SubstituteBindings.php(51): Illuminate\\Pipeline\\Pipeline->Illuminate\\Pipeline\\{closure}(Object(Illuminate\\Http\\Request))
#25 C:\\laragon\\www\\lprosarc2\\vendor\\laravel\\framework\\src\\Illuminate\\Pipeline\\Pipeline.php(183): Illuminate\\Routing\\Middleware\\SubstituteBindings->handle(Object(Illuminate\\Http\\Request), Object(Closure))
#26 C:\\laragon\\www\\lprosarc2\\vendor\\laravel\\framework\\src\\Illuminate\\Auth\\Middleware\\Authenticate.php(64): Illuminate\\Pipeline\\Pipeline->Illuminate\\Pipeline\\{closure}(Object(Illuminate\\Http\\Request))
#27 C:\\laragon\\www\\lprosarc2\\vendor\\laravel\\framework\\src\\Illuminate\\Pipeline\\Pipeline.php(183): Illuminate\\Auth\\Middleware\\Authenticate->handle(Object(Illuminate\\Http\\Request), Object(Closure))
#28 C:\\laragon\\www\\lprosarc2\\vendor\\laravel\\framework\\src\\Illuminate\\Foundation\\Http\\Middleware\\VerifyCsrfToken.php(88): Illuminate\\Pipeline\\Pipeline->Illuminate\\Pipeline\\{closure}(Object(Illuminate\\Http\\Request))
#29 C:\\laragon\\www\\lprosarc2\\vendor\\laravel\\framework\\src\\Illuminate\\Pipeline\\Pipeline.php(183): Illuminate\\Foundation\\Http\\Middleware\\VerifyCsrfToken->handle(Object(Illuminate\\Http\\Request), Object(Closure))
#30 C:\\laragon\\www\\lprosarc2\\vendor\\laravel\\framework\\src\\Illuminate\\View\\Middleware\\ShareErrorsFromSession.php(49): Illuminate\\Pipeline\\Pipeline->Illuminate\\Pipeline\\{closure}(Object(Illuminate\\Http\\Request))
#31 C:\\laragon\\www\\lprosarc2\\vendor\\laravel\\framework\\src\\Illuminate\\Pipeline\\Pipeline.php(183): Illuminate\\View\\Middleware\\ShareErrorsFromSession->handle(Object(Illuminate\\Http\\Request), Object(Closure))
#32 C:\\laragon\\www\\lprosarc2\\vendor\\laravel\\framework\\src\\Illuminate\\Session\\Middleware\\StartSession.php(121): Illuminate\\Pipeline\\Pipeline->Illuminate\\Pipeline\\{closure}(Object(Illuminate\\Http\\Request))
#33 C:\\laragon\\www\\lprosarc2\\vendor\\laravel\\framework\\src\\Illuminate\\Session\\Middleware\\StartSession.php(64): Illuminate\\Session\\Middleware\\StartSession->handleStatefulRequest(Object(Illuminate\\Http\\Request), Object(Illuminate\\Session\\Store), Object(Closure))
#34 C:\\laragon\\www\\lprosarc2\\vendor\\laravel\\framework\\src\\Illuminate\\Pipeline\\Pipeline.php(183): Illuminate\\Session\\Middleware\\StartSession->handle(Object(Illuminate\\Http\\Request), Object(Closure))
#35 C:\\laragon\\www\\lprosarc2\\vendor\\laravel\\framework\\src\\Illuminate\\Cookie\\Middleware\\AddQueuedCookiesToResponse.php(37): Illuminate\\Pipeline\\Pipeline->Illuminate\\Pipeline\\{closure}(Object(Illuminate\\Http\\Request))
#36 C:\\laragon\\www\\lprosarc2\\vendor\\laravel\\framework\\src\\Illuminate\\Pipeline\\Pipeline.php(183): Illuminate\\Cookie\\Middleware\\AddQueuedCookiesToResponse->handle(Object(Illuminate\\Http\\Request), Object(Closure))
#37 C:\\laragon\\www\\lprosarc2\\vendor\\laravel\\framework\\src\\Illuminate\\Cookie\\Middleware\\EncryptCookies.php(75): Illuminate\\Pipeline\\Pipeline->Illuminate\\Pipeline\\{closure}(Object(Illuminate\\Http\\Request))
#38 C:\\laragon\\www\\lprosarc2\\vendor\\laravel\\framework\\src\\Illuminate\\Pipeline\\Pipeline.php(183): Illuminate\\Cookie\\Middleware\\EncryptCookies->handle(Object(Illuminate\\Http\\Request), Object(Closure))
#39 C:\\laragon\\www\\lprosarc2\\vendor\\laravel\\framework\\src\\Illuminate\\Pipeline\\Pipeline.php(119): Illuminate\\Pipeline\\Pipeline->Illuminate\\Pipeline\\{closure}(Object(Illuminate\\Http\\Request))
#40 C:\\laragon\\www\\lprosarc2\\vendor\\laravel\\framework\\src\\Illuminate\\Routing\\Router.php(807): Illuminate\\Pipeline\\Pipeline->then(Object(Closure))
#41 C:\\laragon\\www\\lprosarc2\\vendor\\laravel\\framework\\src\\Illuminate\\Routing\\Router.php(786): Illuminate\\Routing\\Router->runRouteWithinStack(Object(Illuminate\\Routing\\Route), Object(Illuminate\\Http\\Request))
#42 C:\\laragon\\www\\lprosarc2\\vendor\\laravel\\framework\\src\\Illuminate\\Routing\\Router.php(750): Illuminate\\Routing\\Router->runRoute(Object(Illuminate\\Http\\Request), Object(Illuminate\\Routing\\Route))
#43 C:\\laragon\\www\\lprosarc2\\vendor\\laravel\\framework\\src\\Illuminate\\Routing\\Router.php(739): Illuminate\\Routing\\Router->dispatchToRoute(Object(Illuminate\\Http\\Request))
#44 C:\\laragon\\www\\lprosarc2\\vendor\\laravel\\framework\\src\\Illuminate\\Foundation\\Http\\Kernel.php(201): Illuminate\\Routing\\Router->dispatch(Object(Illuminate\\Http\\Request))
#45 C:\\laragon\\www\\lprosarc2\\vendor\\laravel\\framework\\src\\Illuminate\\Pipeline\\Pipeline.php(144): Illuminate\\Foundation\\Http\\Kernel->Illuminate\\Foundation\\Http\\{closure}(Object(Illuminate\\Http\\Request))
#46 C:\\laragon\\www\\lprosarc2\\vendor\\laravel\\framework\\src\\Illuminate\\Http\\Middleware\\TrustProxies.php(57): Illuminate\\Pipeline\\Pipeline->Illuminate\\Pipeline\\{closure}(Object(Illuminate\\Http\\Request))
#47 C:\\laragon\\www\\lprosarc2\\vendor\\laravel\\framework\\src\\Illuminate\\Pipeline\\Pipeline.php(183): Illuminate\\Http\\Middleware\\TrustProxies->handle(Object(Illuminate\\Http\\Request), Object(Closure))
#48 C:\\laragon\\www\\lprosarc2\\vendor\\laravel\\framework\\src\\Illuminate\\Foundation\\Http\\Middleware\\TransformsRequest.php(21): Illuminate\\Pipeline\\Pipeline->Illuminate\\Pipeline\\{closure}(Object(Illuminate\\Http\\Request))
#49 C:\\laragon\\www\\lprosarc2\\vendor\\laravel\\framework\\src\\Illuminate\\Foundation\\Http\\Middleware\\ConvertEmptyStringsToNull.php(31): Illuminate\\Foundation\\Http\\Middleware\\TransformsRequest->handle(Object(Illuminate\\Http\\Request), Object(Closure))
#50 C:\\laragon\\www\\lprosarc2\\vendor\\laravel\\framework\\src\\Illuminate\\Pipeline\\Pipeline.php(183): Illuminate\\Foundation\\Http\\Middleware\\ConvertEmptyStringsToNull->handle(Object(Illuminate\\Http\\Request), Object(Closure))
#51 C:\\laragon\\www\\lprosarc2\\vendor\\laravel\\framework\\src\\Illuminate\\Foundation\\Http\\Middleware\\TransformsRequest.php(21): Illuminate\\Pipeline\\Pipeline->Illuminate\\Pipeline\\{closure}(Object(Illuminate\\Http\\Request))
#52 C:\\laragon\\www\\lprosarc2\\vendor\\laravel\\framework\\src\\Illuminate\\Foundation\\Http\\Middleware\\TrimStrings.php(51): Illuminate\\Foundation\\Http\\Middleware\\TransformsRequest->handle(Object(Illuminate\\Http\\Request), Object(Closure))
#53 C:\\laragon\\www\\lprosarc2\\vendor\\laravel\\framework\\src\\Illuminate\\Pipeline\\Pipeline.php(183): Illuminate\\Foundation\\Http\\Middleware\\TrimStrings->handle(Object(Illuminate\\Http\\Request), Object(Closure))
#54 C:\\laragon\\www\\lprosarc2\\vendor\\laravel\\framework\\src\\Illuminate\\Http\\Middleware\\ValidatePostSize.php(27): Illuminate\\Pipeline\\Pipeline->Illuminate\\Pipeline\\{closure}(Object(Illuminate\\Http\\Request))
#55 C:\\laragon\\www\\lprosarc2\\vendor\\laravel\\framework\\src\\Illuminate\\Pipeline\\Pipeline.php(183): Illuminate\\Http\\Middleware\\ValidatePostSize->handle(Object(Illuminate\\Http\\Request), Object(Closure))
#56 C:\\laragon\\www\\lprosarc2\\vendor\\laravel\\framework\\src\\Illuminate\\Foundation\\Http\\Middleware\\PreventRequestsDuringMaintenance.php(110): Illuminate\\Pipeline\\Pipeline->Illuminate\\Pipeline\\{closure}(Object(Illuminate\\Http\\Request))
#57 C:\\laragon\\www\\lprosarc2\\vendor\\laravel\\framework\\src\\Illuminate\\Pipeline\\Pipeline.php(183): Illuminate\\Foundation\\Http\\Middleware\\PreventRequestsDuringMaintenance->handle(Object(Illuminate\\Http\\Request), Object(Closure))
#58 C:\\laragon\\www\\lprosarc2\\vendor\\laravel\\framework\\src\\Illuminate\\Pipeline\\Pipeline.php(119): Illuminate\\Pipeline\\Pipeline->Illuminate\\Pipeline\\{closure}(Object(Illuminate\\Http\\Request))
#59 C:\\laragon\\www\\lprosarc2\\vendor\\laravel\\framework\\src\\Illuminate\\Foundation\\Http\\Kernel.php(176): Illuminate\\Pipeline\\Pipeline->then(Object(Closure))
#60 C:\\laragon\\www\\lprosarc2\\vendor\\laravel\\framework\\src\\Illuminate\\Foundation\\Http\\Kernel.php(145): Illuminate\\Foundation\\Http\\Kernel->sendRequestThroughRouter(Object(Illuminate\\Http\\Request))
#61 C:\\laragon\\www\\lprosarc2\\public\\index.php(54): Illuminate\\Foundation\\Http\\Kernel->handle(Object(Illuminate\\Http\\Request))
#62 {main}
"} 
